<html>
<body>
<pre>
<h1>µVision Build Log</h1>
<h2>Project:</h2>
P:\ece254\ECE254\lab3\starter\RTX_App\RTX_App.uvproj
Project File Date:  06/25/2014

<h2>Output:</h2>
  
*** Note: 'Create Batch File' is active - using 'Rebuild'.
Rebuild Project 'RTX_Lib_CM' - Target 'CM3_LE'
compiling rt_Task.c...
compiling rt_System.c...
compiling rt_Event.c...
compiling rt_List.c...
compiling rt_Mailbox.c...
compiling rt_Semaphore.c...
compiling rt_Time.c...
compiling rt_Timer.c...
compiling rt_Mutex.c...
compiling rt_Robin.c...
compiling rt_MemBox.c...
compiling rt_Task_ext.c...
compiling rt_MemBox_ext.c...
assembling SVC_Table.s...
compiling HAL_CM3.c...
creating Library...
User command #1: cmd.exe /C copy ArInp.Scr CM3_LE\BuildLib.scr
        1 file(s) copied.
".\CM3_LE\RTX_CM3.lib" - 0 Error(s), 0 Warning(s).
  
Build Project 'RTX_App' - Target 'Lab3 Starter SIM'
compiling RTX_Conf_CM.c...
compiling Retarget.c...
compiling system_LPC17xx.c...
compiling uart_polling.c...
compiling lab3_main.c...
P:\ece254\ECE254\lab3\starter\RTX_App\src\lab3_main.c(69): error:  #20: identifier "os_maxtaskrun" is undefined
Target not created
  
*** Note: 'Create Batch File' is active - using 'Rebuild'.
Rebuild Project 'RTX_Lib_CM' - Target 'CM3_LE'
compiling rt_Task.c...
compiling rt_System.c...
compiling rt_Event.c...
compiling rt_List.c...
compiling rt_Mailbox.c...
compiling rt_Semaphore.c...
compiling rt_Time.c...
compiling rt_Timer.c...
compiling rt_Mutex.c...
compiling rt_Robin.c...
compiling rt_MemBox.c...
compiling rt_Task_ext.c...
compiling rt_MemBox_ext.c...
assembling SVC_Table.s...
compiling HAL_CM3.c...
creating Library...
User command #1: cmd.exe /C copy ArInp.Scr CM3_LE\BuildLib.scr
        1 file(s) copied.
".\CM3_LE\RTX_CM3.lib" - 0 Error(s), 0 Warning(s).
  
Build Project 'RTX_App' - Target 'Lab3 Starter SIM'
compiling lab3_main.c...
P:\ece254\ECE254\lab3\starter\RTX_CM3\SRC\CM\RTX_Config.h(22): warning:  #47-D: incompatible redefinition of macro "_init_box8" (declared at line 371 of "C:\Software\Keil\ARM\RV31\INC\RTL.h")
linking...
Program Size: Code=9268 RO-data=276 RW-data=148 ZI-data=8132  
".\build\FLASH\RTX_APP.axf" - 0 Error(s), 1 Warning(s).
  
*** Note: 'Create Batch File' is active - using 'Rebuild'.
Rebuild Project 'RTX_Lib_CM' - Target 'CM3_LE'
compiling rt_Task.c...
compiling rt_System.c...
compiling rt_Event.c...
compiling rt_List.c...
compiling rt_Mailbox.c...
compiling rt_Semaphore.c...
compiling rt_Time.c...
compiling rt_Timer.c...
compiling rt_Mutex.c...
compiling rt_Robin.c...
compiling rt_MemBox.c...
compiling rt_Task_ext.c...
compiling rt_MemBox_ext.c...
assembling SVC_Table.s...
compiling HAL_CM3.c...
creating Library...
User command #1: cmd.exe /C copy ArInp.Scr CM3_LE\BuildLib.scr
        1 file(s) copied.
".\CM3_LE\RTX_CM3.lib" - 0 Error(s), 0 Warning(s).
  
Build Project 'RTX_App' - Target 'Lab3 Starter SIM'
linking...
Program Size: Code=9268 RO-data=276 RW-data=148 ZI-data=8132  
".\build\FLASH\RTX_APP.axf" - 0 Error(s), 0 Warning(s).
  
*** Note: 'Create Batch File' is active - using 'Rebuild'.
Rebuild Project 'RTX_Lib_CM' - Target 'CM3_LE'
compiling rt_Task.c...
compiling rt_System.c...
compiling rt_Event.c...
compiling rt_List.c...
compiling rt_Mailbox.c...
compiling rt_Semaphore.c...
compiling rt_Time.c...
compiling rt_Timer.c...
compiling rt_Mutex.c...
compiling rt_Robin.c...
compiling rt_MemBox.c...
compiling rt_Task_ext.c...
compiling rt_MemBox_ext.c...
assembling SVC_Table.s...
compiling HAL_CM3.c...
creating Library...
User command #1: cmd.exe /C copy ArInp.Scr CM3_LE\BuildLib.scr
        1 file(s) copied.
".\CM3_LE\RTX_CM3.lib" - 0 Error(s), 0 Warning(s).
  
Build Project 'RTX_App' - Target 'Lab3 Starter SIM'
compiling lab3_main.c...
P:\ece254\ECE254\lab3\starter\RTX_CM3\SRC\CM\RTX_Config.h(22): warning:  #47-D: incompatible redefinition of macro "_init_box8" (declared at line 371 of "C:\Software\Keil\ARM\RV31\INC\RTL.h")
linking...
Program Size: Code=9504 RO-data=276 RW-data=148 ZI-data=8404  
".\build\FLASH\RTX_APP.axf" - 0 Error(s), 1 Warning(s).
  
*** Note: 'Create Batch File' is active - using 'Rebuild'.
Rebuild Project 'RTX_Lib_CM' - Target 'CM3_LE'
compiling rt_Task.c...
compiling rt_System.c...
compiling rt_Event.c...
compiling rt_List.c...
compiling rt_Mailbox.c...
compiling rt_Semaphore.c...
compiling rt_Time.c...
compiling rt_Timer.c...
compiling rt_Mutex.c...
compiling rt_Robin.c...
compiling rt_MemBox.c...
compiling rt_Task_ext.c...
compiling rt_MemBox_ext.c...
assembling SVC_Table.s...
compiling HAL_CM3.c...
creating Library...
User command #1: cmd.exe /C copy ArInp.Scr CM3_LE\BuildLib.scr
        1 file(s) copied.
".\CM3_LE\RTX_CM3.lib" - 0 Error(s), 0 Warning(s).
  
Build Project 'RTX_App' - Target 'Lab3 Starter SIM'
compiling lab3_main.c...
P:\ece254\ECE254\lab3\starter\RTX_CM3\SRC\CM\RTX_Config.h(22): warning:  #47-D: incompatible redefinition of macro "_init_box8" (declared at line 371 of "C:\Software\Keil\ARM\RV31\INC\RTL.h")
P:\ece254\ECE254\lab3\starter\RTX_App\src\lab3_main.c(144): error:  #20: identifier "task2" is undefined
Target not created
  
*** Note: 'Create Batch File' is active - using 'Rebuild'.
Rebuild Project 'RTX_Lib_CM' - Target 'CM3_LE'
compiling rt_Task.c...
compiling rt_System.c...
compiling rt_Event.c...
compiling rt_List.c...
compiling rt_Mailbox.c...
compiling rt_Semaphore.c...
compiling rt_Time.c...
compiling rt_Timer.c...
compiling rt_Mutex.c...
compiling rt_Robin.c...
compiling rt_MemBox.c...
compiling rt_Task_ext.c...
compiling rt_MemBox_ext.c...
assembling SVC_Table.s...
compiling HAL_CM3.c...
creating Library...
User command #1: cmd.exe /C copy ArInp.Scr CM3_LE\BuildLib.scr
        1 file(s) copied.
".\CM3_LE\RTX_CM3.lib" - 0 Error(s), 0 Warning(s).
  
Build Project 'RTX_App' - Target 'Lab3 Starter SIM'
compiling lab3_main.c...
P:\ece254\ECE254\lab3\starter\RTX_CM3\SRC\CM\RTX_Config.h(22): warning:  #47-D: incompatible redefinition of macro "_init_box8" (declared at line 371 of "C:\Software\Keil\ARM\RV31\INC\RTL.h")
linking...
Program Size: Code=6388 RO-data=276 RW-data=148 ZI-data=8404  
".\build\FLASH\RTX_APP.axf" - 0 Error(s), 1 Warning(s).
  
*** Note: 'Create Batch File' is active - using 'Rebuild'.
Rebuild Project 'RTX_Lib_CM' - Target 'CM3_LE'
compiling rt_Task.c...
compiling rt_System.c...
compiling rt_Event.c...
compiling rt_List.c...
compiling rt_Mailbox.c...
compiling rt_Semaphore.c...
compiling rt_Time.c...
compiling rt_Timer.c...
compiling rt_Mutex.c...
compiling rt_Robin.c...
compiling rt_MemBox.c...
compiling rt_Task_ext.c...
compiling rt_MemBox_ext.c...
assembling SVC_Table.s...
compiling HAL_CM3.c...
creating Library...
User command #1: cmd.exe /C copy ArInp.Scr CM3_LE\BuildLib.scr
        1 file(s) copied.
".\CM3_LE\RTX_CM3.lib" - 0 Error(s), 0 Warning(s).
  
Build Project 'RTX_App' - Target 'Lab3 Starter SIM'
compiling lab3_main.c...
P:\ece254\ECE254\lab3\starter\RTX_CM3\SRC\CM\RTX_Config.h(22): warning:  #47-D: incompatible redefinition of macro "_init_box8" (declared at line 371 of "C:\Software\Keil\ARM\RV31\INC\RTL.h")
linking...
Program Size: Code=6388 RO-data=276 RW-data=148 ZI-data=8244  
".\build\FLASH\RTX_APP.axf" - 0 Error(s), 1 Warning(s).
  
*** Note: 'Create Batch File' is active - using 'Rebuild'.
Rebuild Project 'RTX_Lib_CM' - Target 'CM3_LE'
compiling rt_Task.c...
compiling rt_System.c...
compiling rt_Event.c...
compiling rt_List.c...
compiling rt_Mailbox.c...
compiling rt_Semaphore.c...
compiling rt_Time.c...
compiling rt_Timer.c...
compiling rt_Mutex.c...
compiling rt_Robin.c...
compiling rt_MemBox.c...
compiling rt_Task_ext.c...
compiling rt_MemBox_ext.c...
assembling SVC_Table.s...
compiling HAL_CM3.c...
creating Library...
User command #1: cmd.exe /C copy ArInp.Scr CM3_LE\BuildLib.scr
        1 file(s) copied.
".\CM3_LE\RTX_CM3.lib" - 0 Error(s), 0 Warning(s).
  
Build Project 'RTX_App' - Target 'Lab3 Starter SIM'
compiling lab3_main.c...
P:\ece254\ECE254\lab3\starter\RTX_CM3\SRC\CM\RTX_Config.h(22): warning:  #47-D: incompatible redefinition of macro "_init_box8" (declared at line 371 of "C:\Software\Keil\ARM\RV31\INC\RTL.h")
linking...
Program Size: Code=6388 RO-data=276 RW-data=148 ZI-data=8252  
".\build\FLASH\RTX_APP.axf" - 0 Error(s), 1 Warning(s).
  
*** Note: 'Create Batch File' is active - using 'Rebuild'.
Rebuild Project 'RTX_Lib_CM' - Target 'CM3_LE'
compiling rt_Task.c...
compiling rt_System.c...
compiling rt_Event.c...
compiling rt_List.c...
compiling rt_Mailbox.c...
compiling rt_Semaphore.c...
compiling rt_Time.c...
compiling rt_Timer.c...
compiling rt_Mutex.c...
compiling rt_Robin.c...
compiling rt_MemBox.c...
compiling rt_Task_ext.c...
compiling rt_MemBox_ext.c...
assembling SVC_Table.s...
compiling HAL_CM3.c...
creating Library...
User command #1: cmd.exe /C copy ArInp.Scr CM3_LE\BuildLib.scr
        1 file(s) copied.
".\CM3_LE\RTX_CM3.lib" - 0 Error(s), 0 Warning(s).
  
Build Project 'RTX_App' - Target 'Lab3 Starter SIM'
compiling lab3_main.c...
P:\ece254\ECE254\lab3\starter\RTX_CM3\SRC\CM\RTX_Config.h(22): warning:  #47-D: incompatible redefinition of macro "_init_box8" (declared at line 371 of "C:\Software\Keil\ARM\RV31\INC\RTL.h")
linking...
Program Size: Code=6428 RO-data=276 RW-data=148 ZI-data=8252  
".\build\FLASH\RTX_APP.axf" - 0 Error(s), 1 Warning(s).
  
*** Note: 'Create Batch File' is active - using 'Rebuild'.
Rebuild Project 'RTX_Lib_CM' - Target 'CM3_LE'
compiling rt_Task.c...
compiling rt_System.c...
compiling rt_Event.c...
compiling rt_List.c...
compiling rt_Mailbox.c...
compiling rt_Semaphore.c...
compiling rt_Time.c...
compiling rt_Timer.c...
compiling rt_Mutex.c...
compiling rt_Robin.c...
compiling rt_MemBox.c...
compiling rt_Task_ext.c...
compiling rt_MemBox_ext.c...
P:\ece254\ECE254\lab3\starter\RTX_CM3\SRC\CM\rt_MemBox_ext.c(63): error:  #20: identifier "WAIT_MEM" is undefined
assembling SVC_Table.s...
compiling HAL_CM3.c...
Target not created
  
Build Project 'RTX_App' - Target 'Lab3 Starter SIM'
linking...
Program Size: Code=6428 RO-data=276 RW-data=148 ZI-data=8252  
".\build\FLASH\RTX_APP.axf" - 0 Error(s), 0 Warning(s).
  
*** Note: 'Create Batch File' is active - using 'Rebuild'.
Rebuild Project 'RTX_Lib_CM' - Target 'CM3_LE'
compiling rt_Task.c...
compiling rt_System.c...
compiling rt_Event.c...
compiling rt_List.c...
compiling rt_Mailbox.c...
compiling rt_Semaphore.c...
compiling rt_Time.c...
compiling rt_Timer.c...
compiling rt_Mutex.c...
compiling rt_Robin.c...
compiling rt_MemBox.c...
compiling rt_Task_ext.c...
compiling rt_MemBox_ext.c...
P:\ece254\ECE254\lab3\starter\RTX_CM3\SRC\CM\rt_MemBox_ext.c(27): error:  #5: cannot open source input file "../../RTX_CM3/INC/RTL_ext.h": No such file or directory
assembling SVC_Table.s...
compiling HAL_CM3.c...
Target not created
  
Build Project 'RTX_App' - Target 'Lab3 Starter SIM'
linking...
Program Size: Code=6428 RO-data=276 RW-data=148 ZI-data=8252  
".\build\FLASH\RTX_APP.axf" - 0 Error(s), 0 Warning(s).
  
*** Note: 'Create Batch File' is active - using 'Rebuild'.
Rebuild Project 'RTX_Lib_CM' - Target 'CM3_LE'
compiling rt_Task.c...
compiling rt_System.c...
compiling rt_Event.c...
compiling rt_List.c...
compiling rt_Mailbox.c...
compiling rt_Semaphore.c...
compiling rt_Time.c...
compiling rt_Timer.c...
compiling rt_Mutex.c...
compiling rt_Robin.c...
compiling rt_MemBox.c...
compiling rt_Task_ext.c...
compiling rt_MemBox_ext.c...
P:\ece254\ECE254\lab3\starter\RTX_CM3\SRC\CM\rt_MemBox_ext.c(27): error:  #5: cannot open source input file "../INC/RTL_ext.h": No such file or directory
assembling SVC_Table.s...
compiling HAL_CM3.c...
Target not created
  
Build Project 'RTX_App' - Target 'Lab3 Starter SIM'
linking...
Program Size: Code=6428 RO-data=276 RW-data=148 ZI-data=8252  
".\build\FLASH\RTX_APP.axf" - 0 Error(s), 0 Warning(s).
  
*** Note: 'Create Batch File' is active - using 'Rebuild'.
Rebuild Project 'RTX_Lib_CM' - Target 'CM3_LE'
compiling rt_Task.c...
compiling rt_System.c...
compiling rt_Event.c...
compiling rt_List.c...
compiling rt_Mailbox.c...
compiling rt_Semaphore.c...
compiling rt_Time.c...
compiling rt_Timer.c...
compiling rt_Mutex.c...
compiling rt_Robin.c...
compiling rt_MemBox.c...
compiling rt_Task_ext.c...
compiling rt_MemBox_ext.c...
P:\ece254\ECE254\lab3\starter\RTX_CM3\INC\RTL_ext.h(23): error:  #256: invalid redeclaration of type name "S8" (declared at line 15 of "SRC\CM\rt_TypeDef.h")
P:\ece254\ECE254\lab3\starter\RTX_CM3\INC\RTL_ext.h(103): error:  #101: "rl_task_info" has already been declared in the current scope
P:\ece254\ECE254\lab3\starter\RTX_CM3\INC\RTL_ext.h(109): error:  #256: invalid redeclaration of type name "RL_TASK_INFO" (declared at line 35 of "SRC\CM\rt_Task_ext.h")
P:\ece254\ECE254\lab3\starter\RTX_CM3\INC\RTL_ext.h(117): error:  #147-D: declaration is incompatible with "OS_RESULT rt_tsk_get(OS_TID, RL_TASK_INFO *)" (declared at line 48 of "SRC\CM\rt_Task_ext.h")
assembling SVC_Table.s...
compiling HAL_CM3.c...
Target not created
  
Build Project 'RTX_App' - Target 'Lab3 Starter SIM'
linking...
Program Size: Code=6428 RO-data=276 RW-data=148 ZI-data=8252  
".\build\FLASH\RTX_APP.axf" - 0 Error(s), 0 Warning(s).
  
*** Note: 'Create Batch File' is active - using 'Rebuild'.
Rebuild Project 'RTX_Lib_CM' - Target 'CM3_LE'
compiling rt_Task.c...
compiling rt_System.c...
compiling rt_Event.c...
compiling rt_List.c...
compiling rt_Mailbox.c...
compiling rt_Semaphore.c...
compiling rt_Time.c...
compiling rt_Timer.c...
compiling rt_Mutex.c...
compiling rt_Robin.c...
compiling rt_MemBox.c...
compiling rt_Task_ext.c...
compiling rt_MemBox_ext.c...
assembling SVC_Table.s...
compiling HAL_CM3.c...
creating Library...
User command #1: cmd.exe /C copy ArInp.Scr CM3_LE\BuildLib.scr
        1 file(s) copied.
".\CM3_LE\RTX_CM3.lib" - 0 Error(s), 0 Warning(s).
  
Build Project 'RTX_App' - Target 'Lab3 Starter SIM'
linking...
Program Size: Code=6432 RO-data=276 RW-data=148 ZI-data=8252  
".\build\FLASH\RTX_APP.axf" - 0 Error(s), 0 Warning(s).
  
*** Note: 'Create Batch File' is active - using 'Rebuild'.
Rebuild Project 'RTX_Lib_CM' - Target 'CM3_LE'
compiling rt_Task.c...
compiling rt_System.c...
compiling rt_Event.c...
compiling rt_List.c...
compiling rt_Mailbox.c...
compiling rt_Semaphore.c...
compiling rt_Time.c...
compiling rt_Timer.c...
compiling rt_Mutex.c...
compiling rt_Robin.c...
compiling rt_MemBox.c...
compiling rt_Task_ext.c...
compiling rt_MemBox_ext.c...
P:\ece254\ECE254\lab3\starter\RTX_CM3\SRC\CM\rt_MemBox_ext.c(62): error:  #20: identifier "os_wait_list" is undefined
P:\ece254\ECE254\lab3\starter\RTX_CM3\SRC\CM\rt_MemBox_ext.c(63): error:  #20: identifier "WAIT_MEM" is undefined
assembling SVC_Table.s...
compiling HAL_CM3.c...
Target not created
  
Build Project 'RTX_App' - Target 'Lab3 Starter SIM'
linking...
Program Size: Code=6432 RO-data=276 RW-data=148 ZI-data=8252  
".\build\FLASH\RTX_APP.axf" - 0 Error(s), 0 Warning(s).
  
*** Note: 'Create Batch File' is active - using 'Rebuild'.
Rebuild Project 'RTX_Lib_CM' - Target 'CM3_LE'
compiling rt_Task.c...
compiling rt_System.c...
compiling rt_Event.c...
compiling rt_List.c...
compiling rt_Mailbox.c...
compiling rt_Semaphore.c...
compiling rt_Time.c...
compiling rt_Timer.c...
compiling rt_Mutex.c...
compiling rt_Robin.c...
compiling rt_MemBox.c...
compiling rt_Task_ext.c...
compiling rt_MemBox_ext.c...
P:\ece254\ECE254\lab3\starter\RTX_CM3\SRC\CM\rt_MemBox_ext.c(63): error:  #20: identifier "WAIT_MEM" is undefined
assembling SVC_Table.s...
compiling HAL_CM3.c...
Target not created
  
Build Project 'RTX_App' - Target 'Lab3 Starter SIM'
linking...
Program Size: Code=6432 RO-data=276 RW-data=148 ZI-data=8252  
".\build\FLASH\RTX_APP.axf" - 0 Error(s), 0 Warning(s).
  
*** Note: 'Create Batch File' is active - using 'Rebuild'.
Rebuild Project 'RTX_Lib_CM' - Target 'CM3_LE'
compiling rt_Task.c...
compiling rt_System.c...
compiling rt_Event.c...
compiling rt_List.c...
compiling rt_Mailbox.c...
compiling rt_Semaphore.c...
compiling rt_Time.c...
compiling rt_Timer.c...
compiling rt_Mutex.c...
compiling rt_Robin.c...
compiling rt_MemBox.c...
compiling rt_Task_ext.c...
compiling rt_MemBox_ext.c...
P:\ece254\ECE254\lab3\starter\RTX_CM3\SRC\CM\rt_MemBox_ext.c(63): error:  #20: identifier "WAIT_MEM" is undefined
assembling SVC_Table.s...
compiling HAL_CM3.c...
Target not created
  
Build Project 'RTX_App' - Target 'Lab3 Starter SIM'
linking...
Program Size: Code=6432 RO-data=276 RW-data=148 ZI-data=8252  
".\build\FLASH\RTX_APP.axf" - 0 Error(s), 0 Warning(s).
  
*** Note: 'Create Batch File' is active - using 'Rebuild'.
Rebuild Project 'RTX_Lib_CM' - Target 'CM3_LE'
compiling rt_Task.c...
compiling rt_System.c...
compiling rt_Event.c...
compiling rt_List.c...
compiling rt_Mailbox.c...
compiling rt_Semaphore.c...
compiling rt_Time.c...
compiling rt_Timer.c...
compiling rt_Mutex.c...
compiling rt_Robin.c...
compiling rt_MemBox.c...
compiling rt_Task_ext.c...
compiling rt_MemBox_ext.c...
assembling SVC_Table.s...
compiling HAL_CM3.c...
creating Library...
User command #1: cmd.exe /C copy ArInp.Scr CM3_LE\BuildLib.scr
        1 file(s) copied.
".\CM3_LE\RTX_CM3.lib" - 0 Error(s), 0 Warning(s).
  
Build Project 'RTX_App' - Target 'Lab3 Starter SIM'
linking...
Program Size: Code=6432 RO-data=276 RW-data=148 ZI-data=8252  
".\build\FLASH\RTX_APP.axf" - 0 Error(s), 0 Warning(s).
  
*** Note: 'Create Batch File' is active - using 'Rebuild'.
Rebuild Project 'RTX_Lib_CM' - Target 'CM3_LE'
compiling rt_Task.c...
compiling rt_System.c...
compiling rt_Event.c...
compiling rt_List.c...
compiling rt_Mailbox.c...
compiling rt_Semaphore.c...
compiling rt_Time.c...
compiling rt_Timer.c...
compiling rt_Mutex.c...
compiling rt_Robin.c...
compiling rt_MemBox.c...
compiling rt_Task_ext.c...
compiling rt_MemBox_ext.c...
P:\ece254\ECE254\lab3\starter\RTX_CM3\SRC\CM\rt_MemBox_ext.c(64): warning:  #223-D: function "printf" declared implicitly
assembling SVC_Table.s...
compiling HAL_CM3.c...
creating Library...
User command #1: cmd.exe /C copy ArInp.Scr CM3_LE\BuildLib.scr
        1 file(s) copied.
".\CM3_LE\RTX_CM3.lib" - 0 Error(s), 1 Warning(s).
  
Build Project 'RTX_App' - Target 'Lab3 Starter SIM'
linking...
Program Size: Code=6472 RO-data=276 RW-data=148 ZI-data=8252  
".\build\FLASH\RTX_APP.axf" - 0 Error(s), 0 Warning(s).
  
*** Note: 'Create Batch File' is active - using 'Rebuild'.
Rebuild Project 'RTX_Lib_CM' - Target 'CM3_LE'
compiling rt_Task.c...
compiling rt_System.c...
compiling rt_Event.c...
compiling rt_List.c...
compiling rt_Mailbox.c...
compiling rt_Semaphore.c...
compiling rt_Time.c...
compiling rt_Timer.c...
compiling rt_Mutex.c...
compiling rt_Robin.c...
compiling rt_MemBox.c...
compiling rt_Task_ext.c...
compiling rt_MemBox_ext.c...
P:\ece254\ECE254\lab3\starter\RTX_CM3\SRC\CM\rt_TypeDef.h(148): warning:  #47-D: incompatible redefinition of macro "NULL" (declared at line 48 of "C:\Software\Keil\ARM\ARMCC\bin\..\include\string.h")
assembling SVC_Table.s...
compiling HAL_CM3.c...
creating Library...
User command #1: cmd.exe /C copy ArInp.Scr CM3_LE\BuildLib.scr
        1 file(s) copied.
".\CM3_LE\RTX_CM3.lib" - 0 Error(s), 1 Warning(s).
  
Build Project 'RTX_App' - Target 'Lab3 Starter SIM'
linking...
Program Size: Code=6472 RO-data=276 RW-data=148 ZI-data=8252  
".\build\FLASH\RTX_APP.axf" - 0 Error(s), 0 Warning(s).
Rebuild Project 'RTX_App' - Target 'Lab3 Starter SIM'
assembling startup_LPC17xx.s...
compiling RTX_Conf_CM.c...
compiling Retarget.c...
compiling system_LPC17xx.c...
compiling uart_polling.c...
compiling lab3_main.c...
P:\ece254\ECE254\lab3\starter\RTX_CM3\SRC\CM\RTX_Config.h(22): warning:  #47-D: incompatible redefinition of macro "_init_box8" (declared at line 371 of "C:\Software\Keil\ARM\RV31\INC\RTL.h")
linking...
Program Size: Code=6472 RO-data=276 RW-data=148 ZI-data=8252  
".\build\FLASH\RTX_APP.axf" - 0 Error(s), 1 Warning(s).
  
*** Note: 'Create Batch File' is active - using 'Rebuild'.
Rebuild Project 'RTX_Lib_CM' - Target 'CM3_LE'
compiling rt_Task.c...
compiling rt_System.c...
compiling rt_Event.c...
compiling rt_List.c...
compiling rt_Mailbox.c...
compiling rt_Semaphore.c...
compiling rt_Time.c...
compiling rt_Timer.c...
compiling rt_Mutex.c...
compiling rt_Robin.c...
compiling rt_MemBox.c...
compiling rt_Task_ext.c...
compiling rt_MemBox_ext.c...
P:\ece254\ECE254\lab3\starter\RTX_CM3\SRC\CM\rt_TypeDef.h(148): warning:  #47-D: incompatible redefinition of macro "NULL" (declared at line 48 of "C:\Software\Keil\ARM\ARMCC\bin\..\include\stdio.h")
assembling SVC_Table.s...
compiling HAL_CM3.c...
creating Library...
User command #1: cmd.exe /C copy ArInp.Scr CM3_LE\BuildLib.scr
        1 file(s) copied.
".\CM3_LE\RTX_CM3.lib" - 0 Error(s), 1 Warning(s).
  
Build Project 'RTX_App' - Target 'Lab3 Starter SIM'
linking...
Program Size: Code=6472 RO-data=276 RW-data=148 ZI-data=8252  
".\build\FLASH\RTX_APP.axf" - 0 Error(s), 0 Warning(s).
  
*** Note: 'Create Batch File' is active - using 'Rebuild'.
Rebuild Project 'RTX_Lib_CM' - Target 'CM3_LE'
compiling rt_Task.c...
compiling rt_System.c...
compiling rt_Event.c...
compiling rt_List.c...
compiling rt_Mailbox.c...
compiling rt_Semaphore.c...
compiling rt_Time.c...
compiling rt_Timer.c...
compiling rt_Mutex.c...
compiling rt_Robin.c...
compiling rt_MemBox.c...
compiling rt_Task_ext.c...
compiling rt_MemBox_ext.c...
P:\ece254\ECE254\lab3\starter\RTX_CM3\SRC\CM\rt_TypeDef.h(148): warning:  #47-D: incompatible redefinition of macro "NULL" (declared at line 48 of "C:\Software\Keil\ARM\ARMCC\bin\..\include\stdio.h")
assembling SVC_Table.s...
compiling HAL_CM3.c...
creating Library...
User command #1: cmd.exe /C copy ArInp.Scr CM3_LE\BuildLib.scr
        1 file(s) copied.
".\CM3_LE\RTX_CM3.lib" - 0 Error(s), 1 Warning(s).
  
Build Project 'RTX_App' - Target 'Lab3 Starter SIM'
linking...
Program Size: Code=6472 RO-data=276 RW-data=148 ZI-data=8252  
".\build\FLASH\RTX_APP.axf" - 0 Error(s), 0 Warning(s).
  
*** Note: 'Create Batch File' is active - using 'Rebuild'.
Rebuild Project 'RTX_Lib_CM' - Target 'CM3_LE'
compiling rt_Task.c...
compiling rt_System.c...
compiling rt_Event.c...
compiling rt_List.c...
compiling rt_Mailbox.c...
compiling rt_Semaphore.c...
compiling rt_Time.c...
compiling rt_Timer.c...
compiling rt_Mutex.c...
compiling rt_Robin.c...
compiling rt_MemBox.c...
compiling rt_Task_ext.c...
compiling rt_MemBox_ext.c...
assembling SVC_Table.s...
compiling HAL_CM3.c...
creating Library...
User command #1: cmd.exe /C copy ArInp.Scr CM3_LE\BuildLib.scr
        1 file(s) copied.
".\CM3_LE\RTX_CM3.lib" - 0 Error(s), 0 Warning(s).
  
Build Project 'RTX_App' - Target 'Lab3 Starter SIM'
linking...
Program Size: Code=6432 RO-data=276 RW-data=148 ZI-data=8252  
".\build\FLASH\RTX_APP.axf" - 0 Error(s), 0 Warning(s).
  
*** Note: 'Create Batch File' is active - using 'Rebuild'.
Rebuild Project 'RTX_Lib_CM' - Target 'CM3_LE'
compiling rt_Task.c...
compiling rt_System.c...
compiling rt_Event.c...
compiling rt_List.c...
compiling rt_Mailbox.c...
compiling rt_Semaphore.c...
compiling rt_Time.c...
compiling rt_Timer.c...
compiling rt_Mutex.c...
compiling rt_Robin.c...
compiling rt_MemBox.c...
compiling rt_Task_ext.c...
compiling rt_MemBox_ext.c...
assembling SVC_Table.s...
compiling HAL_CM3.c...
creating Library...
User command #1: cmd.exe /C copy ArInp.Scr CM3_LE\BuildLib.scr
        1 file(s) copied.
".\CM3_LE\RTX_CM3.lib" - 0 Error(s), 0 Warning(s).
  
Build Project 'RTX_App' - Target 'Lab3 Starter SIM'
compiling lab3_main.c...
P:\ece254\ECE254\lab3\starter\RTX_CM3\SRC\CM\RTX_Config.h(22): warning:  #47-D: incompatible redefinition of macro "_init_box8" (declared at line 371 of "C:\Software\Keil\ARM\RV31\INC\RTL.h")
P:\ece254\ECE254\lab3\starter\RTX_App\src\lab3_main.c(136): warning:  #177-D: variable "mpool" was declared but never referenced
P:\ece254\ECE254\lab3\starter\RTX_App\src\lab3_main.c(137): warning:  #177-D: variable "i" was declared but never referenced
linking...
Program Size: Code=6448 RO-data=276 RW-data=148 ZI-data=8252  
".\build\FLASH\RTX_APP.axf" - 0 Error(s), 3 Warning(s).
  
*** Note: 'Create Batch File' is active - using 'Rebuild'.
Rebuild Project 'RTX_Lib_CM' - Target 'CM3_LE'
compiling rt_Task.c...
compiling rt_System.c...
compiling rt_Event.c...
compiling rt_List.c...
compiling rt_Mailbox.c...
compiling rt_Semaphore.c...
compiling rt_Time.c...
compiling rt_Timer.c...
compiling rt_Mutex.c...
compiling rt_Robin.c...
compiling rt_MemBox.c...
compiling rt_Task_ext.c...
compiling rt_MemBox_ext.c...
assembling SVC_Table.s...
compiling HAL_CM3.c...
creating Library...
User command #1: cmd.exe /C copy ArInp.Scr CM3_LE\BuildLib.scr
        1 file(s) copied.
".\CM3_LE\RTX_CM3.lib" - 0 Error(s), 0 Warning(s).
  
Build Project 'RTX_App' - Target 'Lab3 Starter SIM'
compiling lab3_main.c...
P:\ece254\ECE254\lab3\starter\RTX_CM3\SRC\CM\RTX_Config.h(22): warning:  #47-D: incompatible redefinition of macro "_init_box8" (declared at line 371 of "C:\Software\Keil\ARM\RV31\INC\RTL.h")
P:\ece254\ECE254\lab3\starter\RTX_App\src\lab3_main.c(137): warning:  #9-D: nested comment is not allowed
P:\ece254\ECE254\lab3\starter\RTX_App\src\lab3_main.c(138): warning:  #9-D: nested comment is not allowed
P:\ece254\ECE254\lab3\starter\RTX_App\src\lab3_main.c(163): warning:  #9-D: nested comment is not allowed
P:\ece254\ECE254\lab3\starter\RTX_App\src\lab3_main.c(164): warning:  #9-D: nested comment is not allowed
linking...
Program Size: Code=10172 RO-data=276 RW-data=228 ZI-data=8252  
".\build\FLASH\RTX_APP.axf" - 0 Error(s), 5 Warning(s).
  
*** Note: 'Create Batch File' is active - using 'Rebuild'.
Rebuild Project 'RTX_Lib_CM' - Target 'CM3_LE'
compiling rt_Task.c...
compiling rt_System.c...
compiling rt_Event.c...
compiling rt_List.c...
compiling rt_Mailbox.c...
compiling rt_Semaphore.c...
compiling rt_Time.c...
compiling rt_Timer.c...
compiling rt_Mutex.c...
compiling rt_Robin.c...
compiling rt_MemBox.c...
compiling rt_Task_ext.c...
compiling rt_MemBox_ext.c...
assembling SVC_Table.s...
compiling HAL_CM3.c...
creating Library...
User command #1: cmd.exe /C copy ArInp.Scr CM3_LE\BuildLib.scr
        1 file(s) copied.
".\CM3_LE\RTX_CM3.lib" - 0 Error(s), 0 Warning(s).
  
Build Project 'RTX_App' - Target 'Lab3 Starter SIM'
compiling lab3_main.c...
P:\ece254\ECE254\lab3\starter\RTX_CM3\SRC\CM\RTX_Config.h(22): warning:  #47-D: incompatible redefinition of macro "_init_box8" (declared at line 371 of "C:\Software\Keil\ARM\RV31\INC\RTL.h")
linking...
Program Size: Code=10172 RO-data=276 RW-data=228 ZI-data=8252  
".\build\FLASH\RTX_APP.axf" - 0 Error(s), 1 Warning(s).
  
*** Note: 'Create Batch File' is active - using 'Rebuild'.
Rebuild Project 'RTX_Lib_CM' - Target 'CM3_LE'
compiling rt_Task.c...
compiling rt_System.c...
compiling rt_Event.c...
compiling rt_List.c...
compiling rt_Mailbox.c...
compiling rt_Semaphore.c...
compiling rt_Time.c...
compiling rt_Timer.c...
compiling rt_Mutex.c...
compiling rt_Robin.c...
compiling rt_MemBox.c...
compiling rt_Task_ext.c...
compiling rt_MemBox_ext.c...
assembling SVC_Table.s...
compiling HAL_CM3.c...
creating Library...
User command #1: cmd.exe /C copy ArInp.Scr CM3_LE\BuildLib.scr
        1 file(s) copied.
".\CM3_LE\RTX_CM3.lib" - 0 Error(s), 0 Warning(s).
  
Build Project 'RTX_App' - Target 'Lab3 Starter SIM'
compiling lab3_main.c...
P:\ece254\ECE254\lab3\starter\RTX_CM3\SRC\CM\RTX_Config.h(22): warning:  #47-D: incompatible redefinition of macro "_init_box8" (declared at line 371 of "C:\Software\Keil\ARM\RV31\INC\RTL.h")
linking...
Program Size: Code=10192 RO-data=276 RW-data=228 ZI-data=8252  
".\build\FLASH\RTX_APP.axf" - 0 Error(s), 1 Warning(s).
  
*** Note: 'Create Batch File' is active - using 'Rebuild'.
Rebuild Project 'RTX_Lib_CM' - Target 'CM3_LE'
compiling rt_Task.c...
compiling rt_System.c...
compiling rt_Event.c...
compiling rt_List.c...
compiling rt_Mailbox.c...
compiling rt_Semaphore.c...
compiling rt_Time.c...
compiling rt_Timer.c...
compiling rt_Mutex.c...
compiling rt_Robin.c...
compiling rt_MemBox.c...
compiling rt_Task_ext.c...
compiling rt_MemBox_ext.c...
assembling SVC_Table.s...
compiling HAL_CM3.c...
creating Library...
User command #1: cmd.exe /C copy ArInp.Scr CM3_LE\BuildLib.scr
        1 file(s) copied.
".\CM3_LE\RTX_CM3.lib" - 0 Error(s), 0 Warning(s).
  
Build Project 'RTX_App' - Target 'Lab3 Starter SIM'
compiling lab3_main.c...
P:\ece254\ECE254\lab3\starter\RTX_CM3\SRC\CM\RTX_Config.h(22): warning:  #47-D: incompatible redefinition of macro "_init_box8" (declared at line 371 of "C:\Software\Keil\ARM\RV31\INC\RTL.h")
linking...
Program Size: Code=10192 RO-data=276 RW-data=228 ZI-data=8252  
".\build\FLASH\RTX_APP.axf" - 0 Error(s), 1 Warning(s).
  
*** Note: 'Create Batch File' is active - using 'Rebuild'.
Rebuild Project 'RTX_Lib_CM' - Target 'CM3_LE'
compiling rt_Task.c...
compiling rt_System.c...
compiling rt_Event.c...
compiling rt_List.c...
compiling rt_Mailbox.c...
compiling rt_Semaphore.c...
compiling rt_Time.c...
compiling rt_Timer.c...
compiling rt_Mutex.c...
compiling rt_Robin.c...
compiling rt_MemBox.c...
compiling rt_Task_ext.c...
compiling rt_MemBox_ext.c...
assembling SVC_Table.s...
compiling HAL_CM3.c...
creating Library...
User command #1: cmd.exe /C copy ArInp.Scr CM3_LE\BuildLib.scr
        1 file(s) copied.
".\CM3_LE\RTX_CM3.lib" - 0 Error(s), 0 Warning(s).
  
Build Project 'RTX_App' - Target 'Lab3 Starter SIM'
compiling lab3_main.c...
P:\ece254\ECE254\lab3\starter\RTX_CM3\SRC\CM\RTX_Config.h(22): warning:  #47-D: incompatible redefinition of macro "_init_box8" (declared at line 371 of "C:\Software\Keil\ARM\RV31\INC\RTL.h")
linking...
Program Size: Code=10084 RO-data=276 RW-data=228 ZI-data=8252  
".\build\FLASH\RTX_APP.axf" - 0 Error(s), 1 Warning(s).
